[2026-09-24 19:54:09] 接受网页截图请求并持有截图锁（context=2）。
[2026-09-24 19:54:09] 截图步骤：开始（0 ms）
[2026-09-24 19:54:09] 截图步骤：确认查询结果（5 ms）
[2026-09-24 19:54:09] 截图步骤：校验结果稳定（7 ms）
[2026-09-24 19:54:09] E2E 测试页响应失败：Unable to write data to the transport connection: An established connection was aborted by the software in your host machine..
[2026-09-24 19:54:09] 截图步骤：准备页面（361 ms）
[2026-09-24 19:54:09] 截图步骤：展开网页框架（674 ms）
[2026-09-24 19:54:09] 框架扩展候选：581F54A41A5F0656B823D3EB6972346E[授权]
[2026-09-24 19:54:09] 截图步骤：读取页面尺寸（681 ms）
[2026-09-24 19:54:09] 截图步骤：截取 1 段（1241×2800）（684 ms）
[2026-09-24 19:54:09] 截图步骤：复核并保存（862 ms）
[2026-09-24 19:54:09] 网页截图锁已释放。
[2026-09-24 19:54:09] 网页截图结论：saved。
[2026-09-24 19:54:13] 接受网页截图请求并持有截图锁（context=2）。
[2026-09-24 19:54:13] 截图步骤：开始（0 ms）
[2026-09-24 19:54:13] 截图步骤：确认查询结果（0 ms）
[2026-09-24 19:54:13] 截图步骤：校验结果稳定（2 ms）
[2026-09-24 19:54:13] 截图步骤：准备页面（359 ms）
[2026-09-24 19:54:13] 截图步骤：展开网页框架（665 ms）
[2026-09-24 19:54:13] 框架扩展候选：8E0A827C171B0D18BE528053E7A1921E[授权]
[2026-09-24 19:54:13] 截图步骤：读取页面尺寸（666 ms）
[2026-09-24 19:54:13] 截图步骤：截取 2 段（1241×14400）（674 ms）
[2026-09-24 19:54:14] 截图步骤：复核并保存（1322 ms）
[2026-09-24 19:54:14] 网页截图锁已释放。
[2026-09-24 19:54:14] 网页截图结论：saved。
[2026-09-24 19:54:16] E2E 测试页响应失败：Unable to write data to the transport connection: An established connection was aborted by the software in your host machine..
[2026-09-24 19:54:16] E2E 测试页响应失败：Unable to write data to the transport connection: An established connection was aborted by the software in your host machine..
[2026-09-24 19:54:17] 接受网页截图请求并持有截图锁（context=2）。
[2026-09-24 19:54:17] 截图步骤：开始（0 ms）
[2026-09-24 19:54:17] 截图步骤：确认查询结果（0 ms）
[2026-09-24 19:54:17] 网页截图锁已释放。
[2026-09-24 19:54:17] 网页截图结论：mismatch。
[2026-09-24 19:54:19] E2E 测试页响应失败：Unable to write data to the transport connection: An established connection was aborted by the software in your host machine..
[2026-09-24 19:54:19] E2E 测试页响应失败：Unable to write data to the transport connection: An established connection was aborted by the software in your host machine..
[2026-09-24 19:54:19] 接受网页截图请求并持有截图锁（context=2）。
[2026-09-24 19:54:19] 截图步骤：开始（0 ms）
[2026-09-24 19:54:19] 截图步骤：确认查询结果（0 ms）
[2026-09-24 19:54:19] 截图步骤：校验结果稳定（2 ms）
[2026-09-24 19:54:20] 截图步骤：准备页面（364 ms）
[2026-09-24 19:54:20] 截图步骤：展开网页框架（682 ms）
[2026-09-24 19:54:20] 框架扩展候选：1F31252723F67740F37FC083CE420B60[授权]
[2026-09-24 19:54:20] 截图步骤：读取页面尺寸（683 ms）
[2026-09-24 19:54:20] 网页截图锁已释放。
[2026-09-24 19:54:20] 网页截图结论：too-long。
[2026-09-24 19:54:23] 接受网页截图请求并持有截图锁（context=2）。
[2026-09-24 19:54:23] 截图步骤：开始（0 ms）
[2026-09-24 19:54:23] 截图步骤：确认查询结果（0 ms）
[2026-09-24 19:54:23] 截图步骤：校验结果稳定（2 ms）
[2026-09-24 19:54:23] 截图步骤：准备页面（356 ms）
[2026-09-24 19:54:24] 截图步骤：展开网页框架（660 ms）
[2026-09-24 19:54:24] 框架扩展候选：94E89AE8A30045AA895C1C9343BAEA7D[授权]
[2026-09-24 19:54:24] 截图步骤：读取页面尺寸（661 ms）
[2026-09-24 19:54:24] 截图步骤：截取 1 段（1241×2088）（663 ms）
[2026-09-24 19:54:24] 截图步骤：复核并保存（823 ms）
[2026-09-24 19:54:24] 网页截图锁已释放。
[2026-09-24 19:54:24] 网页截图结论：saved。
[2026-09-24 19:54:26] E2E 测试页响应失败：Unable to write data to the transport connection: An established connection was aborted by the software in your host machine..
[2026-09-24 19:54:26] E2E 测试页响应失败：Unable to write data to the transport connection: An established connection was aborted by the software in your host machine..
[2026-09-24 19:54:28] 接受网页截图请求并持有截图锁（context=3）。
[2026-09-24 19:54:28] 截图步骤：开始（0 ms）
[2026-09-24 19:54:28] 截图步骤：确认查询结果（0 ms）
[2026-09-24 19:54:28] 截图步骤：校验结果稳定（2 ms）
[2026-09-24 19:54:28] 截图步骤：准备页面（356 ms）
[2026-09-24 19:54:28] 截图步骤：展开网页框架（667 ms）
[2026-09-24 19:54:28] 框架扩展候选：BAA3CAC327819C50C41D2873492595FA[授权]
[2026-09-24 19:54:28] 截图步骤：读取页面尺寸（668 ms）
[2026-09-24 19:54:28] 截图步骤：截取 1 段（1241×2088）（670 ms）
[2026-09-24 19:54:28] 截图步骤：复核并保存（792 ms）
[2026-09-24 19:54:29] 网页截图锁已释放。
[2026-09-24 19:54:29] 网页截图结论：saved。
[2026-09-24 19:54:31] E2E 测试页响应失败：Unable to write data to the transport connection: An established connection was aborted by the software in your host machine..
[2026-09-24 19:54:31] E2E 测试页响应失败：Unable to write data to the transport connection: An established connection was aborted by the software in your host machine..
[2026-09-24 19:54:31] 接受网页截图请求并持有截图锁（context=2）。
[2026-09-24 19:54:31] 截图步骤：开始（0 ms）
[2026-09-24 19:54:31] 截图步骤：确认查询结果（0 ms）
[2026-09-24 19:54:31] 网页截图锁已释放。
[2026-09-24 19:54:31] 网页截图结论：error。
[2026-09-24 19:54:34] 接受网页截图请求并持有截图锁（context=2）。
[2026-09-24 19:54:34] 截图步骤：开始（0 ms）
[2026-09-24 19:54:34] 截图步骤：确认查询结果（0 ms）
[2026-09-24 19:54:34] 网页截图锁已释放。
[2026-09-24 19:54:34] 网页截图结论：error。
[2026-09-24 19:54:36] E2E 测试页响应失败：Unable to write data to the transport connection: An established connection was aborted by the software in your host machine..
[2026-09-24 19:54:36] E2E 测试页响应失败：Unable to write data to the transport connection: An established connection was aborted by the software in your host machine..
[2026-09-24 19:54:37] 接受网页截图请求并持有截图锁（context=2）。
[2026-09-24 19:54:37] 截图步骤：开始（0 ms）
[2026-09-24 19:54:37] 截图步骤：确认查询结果（0 ms）
[2026-09-24 19:54:37] 截图步骤：校验结果稳定（2 ms）
[2026-09-24 19:54:37] 截图步骤：确认查询结果（374 ms）
[2026-09-24 19:54:37] 截图步骤：校验结果稳定（375 ms）
[2026-09-24 19:54:38] System.IO.IOException: Cannot create 'D:\a\customs-clearance-console\customs-clearance-console\artifacts\validation\browser\write-rejected\not-a-directory' because a file or directory with the same name already exists.
   at System.IO.FileSystem.CreateDirectory(String fullPath, Byte[] securityDescriptor)
   at System.IO.Directory.CreateDirectory(String path)
   at CustomsClearanceConsole.BrowserValidation.CaptureCoreAsync(CancellationToken token) in D:\a\customs-clearance-console\customs-clearance-console\src\CustomsClearanceConsole\BrowserValidation.cs:line 1053
   at CustomsClearanceConsole.BrowserValidation.CaptureWithRetryAsync(CancellationToken token) in D:\a\customs-clearance-console\customs-clearance-console\src\CustomsClearanceConsole\BrowserValidation.cs:line 1008
   at CustomsClearanceConsole.BrowserValidation.CaptureAndReportAsync() in D:\a\customs-clearance-console\customs-clearance-console\src\CustomsClearanceConsole\BrowserValidation.cs:line 919
[2026-09-24 19:54:38] 网页截图锁已释放。
[2026-09-24 19:54:38] 网页截图结论：error。
[2026-09-24 19:54:40] E2E 测试页响应失败：Unable to write data to the transport connection: An established connection was aborted by the software in your host machine..
[2026-09-24 19:54:40] E2E 测试页响应失败：Unable to write data to the transport connection: An established connection was aborted by the software in your host machine..
[2026-09-24 19:54:40] 接受网页截图请求并持有截图锁（context=2）。
[2026-09-24 19:54:40] 截图步骤：开始（0 ms）
[2026-09-24 19:54:40] 截图步骤：确认查询结果（0 ms）
[2026-09-24 19:54:40] 截图步骤：校验结果稳定（2 ms）
[2026-09-24 19:54:41] 截图步骤：准备页面（364 ms）
[2026-09-24 19:54:41] 截图步骤：展开网页框架（681 ms）
[2026-09-24 19:54:41] 框架扩展候选：FC886433922201209A94949B5075F548[授权]
[2026-09-24 19:54:41] 截图步骤：读取页面尺寸（683 ms）
[2026-09-24 19:54:41] 截图步骤：截取 1 段（1241×2088）（685 ms）
[2026-09-24 19:54:41] 截图步骤：复核并保存（843 ms）
[2026-09-24 19:54:41] 网页截图锁已释放。
[2026-09-24 19:54:41] 网页截图结论：saved。
[2026-09-24 19:54:41] 接受网页截图请求并持有截图锁（context=2）。
[2026-09-24 19:54:41] 截图步骤：开始（0 ms）
[2026-09-24 19:54:41] 截图步骤：确认查询结果（0 ms）
[2026-09-24 19:54:41] 截图步骤：校验结果稳定（1 ms）
[2026-09-24 19:54:42] 截图步骤：准备页面（365 ms）
[2026-09-24 19:54:42] 截图步骤：展开网页框架（666 ms）
[2026-09-24 19:54:42] 框架扩展候选：FC886433922201209A94949B5075F548[授权]
[2026-09-24 19:54:42] 截图步骤：读取页面尺寸（667 ms）
[2026-09-24 19:54:42] 截图步骤：截取 1 段（1241×2088）（669 ms）
[2026-09-24 19:54:42] 截图步骤：复核并保存（816 ms）
[2026-09-24 19:54:42] 网页截图锁已释放。
[2026-09-24 19:54:42] 网页截图结论：saved。
[2026-09-24 19:54:44] E2E 测试页响应失败：Unable to write data to the transport connection: An established connection was aborted by the software in your host machine..
[2026-09-24 19:54:44] E2E 测试页响应失败：Unable to write data to the transport connection: An established connection was aborted by the software in your host machine..
[2026-09-24 19:54:45] 接受网页截图请求并持有截图锁（context=2）。
[2026-09-24 19:54:45] 截图步骤：开始（0 ms）
[2026-09-24 19:54:45] 截图步骤：确认查询结果（0 ms）
[2026-09-24 19:54:45] 截图步骤：校验结果稳定（3 ms）
[2026-09-24 19:54:45] 截图步骤：准备页面（369 ms）
[2026-09-24 19:54:46] 截图步骤：展开网页框架（676 ms）
[2026-09-24 19:54:46] 框架扩展候选：D83E6FC9D20F88050CDCE967F1F1EB95[授权]、AE77F57CB2761BCFC4030CAEF7919857[授权]
[2026-09-24 19:54:46] 扩展框架 AE77F57CB2761BCFC4030CAEF7919857：内容高 1454，前置可视 554/∞，范围右/下 1241/754。
[2026-09-24 19:54:46] 截图步骤：读取页面尺寸（825 ms）
[2026-09-24 19:54:46] 截图步骤：截取 1 段（1241×1854）（827 ms）
[2026-09-24 19:54:46] 截图步骤：复核并保存（952 ms）
[2026-09-24 19:54:46] 网页截图锁已释放。
[2026-09-24 19:54:46] 网页截图结论：saved。
[2026-09-24 19:54:53] 接受网页截图请求并持有截图锁（context=2）。
[2026-09-24 19:54:53] 截图步骤：开始（0 ms）
[2026-09-24 19:54:53] 截图步骤：确认查询结果（0 ms）
[2026-09-24 19:54:53] 网页截图锁已释放。
[2026-09-24 19:54:53] 网页截图结论：error。
[2026-09-24 19:54:56] 接受网页截图请求并持有截图锁（context=2）。
[2026-09-24 19:54:56] 截图步骤：开始（0 ms）
[2026-09-24 19:54:56] 截图步骤：确认查询结果（0 ms）
[2026-09-24 19:54:56] 网页截图锁已释放。
[2026-09-24 19:54:56] 网页截图结论：error。
[2026-09-24 19:54:59] 接受网页截图请求并持有截图锁（context=2）。
[2026-09-24 19:54:59] 截图步骤：开始（0 ms）
[2026-09-24 19:54:59] 截图步骤：确认查询结果（0 ms）
[2026-09-24 19:54:59] 截图步骤：校验结果稳定（2 ms）
[2026-09-24 19:54:59] 截图步骤：确认查询结果（365 ms）
[2026-09-24 19:54:59] 截图步骤：校验结果稳定（366 ms）
[2026-09-24 19:54:59] System.IO.IOException: Cannot create 'D:\a\customs-clearance-console\customs-clearance-console\artifacts\validation\browser\failure-retry\blocked' because a file or directory with the same name already exists.
   at System.IO.FileSystem.CreateDirectory(String fullPath, Byte[] securityDescriptor)
   at System.IO.Directory.CreateDirectory(String path)
   at CustomsClearanceConsole.BrowserValidation.CaptureCoreAsync(CancellationToken token) in D:\a\customs-clearance-console\customs-clearance-console\src\CustomsClearanceConsole\BrowserValidation.cs:line 1053
   at CustomsClearanceConsole.BrowserValidation.CaptureWithRetryAsync(CancellationToken token) in D:\a\customs-clearance-console\customs-clearance-console\src\CustomsClearanceConsole\BrowserValidation.cs:line 1008
   at CustomsClearanceConsole.BrowserValidation.CaptureAndReportAsync() in D:\a\customs-clearance-console\customs-clearance-console\src\CustomsClearanceConsole\BrowserValidation.cs:line 919
[2026-09-24 19:54:59] 网页截图锁已释放。
[2026-09-24 19:54:59] 网页截图结论：error。
[2026-09-24 19:54:59] 接受网页截图请求并持有截图锁（context=2）。
[2026-09-24 19:54:59] 截图步骤：开始（0 ms）
[2026-09-24 19:54:59] 截图步骤：确认查询结果（0 ms）
[2026-09-24 19:54:59] 截图步骤：校验结果稳定（1 ms）
[2026-09-24 19:55:00] 截图步骤：准备页面（354 ms）
[2026-09-24 19:55:00] 截图步骤：展开网页框架（665 ms）
[2026-09-24 19:55:00] 框架扩展候选：1124B24626EA1F00520BB88AFD9E2B28[授权]
[2026-09-24 19:55:00] 截图步骤：读取页面尺寸（667 ms）
[2026-09-24 19:55:00] 截图步骤：截取 1 段（1241×2088）（670 ms）
[2026-09-24 19:55:00] 截图步骤：复核并保存（809 ms）
[2026-09-24 19:55:00] 网页截图锁已释放。
[2026-09-24 19:55:00] 网页截图结论：saved。
[2026-09-24 19:55:03] 接受网页截图请求并持有截图锁（context=2）。
[2026-09-24 19:55:03] 截图步骤：开始（0 ms）
[2026-09-24 19:55:03] 截图步骤：确认查询结果（0 ms）
[2026-09-24 19:55:03] 截图步骤：校验结果稳定（2 ms）
[2026-09-24 19:55:04] 截图步骤：准备页面（364 ms）
[2026-09-24 19:55:04] 网页截图锁已释放。
[2026-09-24 19:55:04] 网页截图结论：error。
[2026-09-24 19:55:04] 接受网页截图请求并持有截图锁（context=2）。
[2026-09-24 19:55:04] 截图步骤：开始（0 ms）
[2026-09-24 19:55:04] 截图步骤：确认查询结果（0 ms）
[2026-09-24 19:55:04] 截图步骤：校验结果稳定（1 ms）
[2026-09-24 19:55:04] 截图步骤：准备页面（353 ms）
[2026-09-24 19:55:04] 截图步骤：展开网页框架（666 ms）
[2026-09-24 19:55:04] 框架扩展候选：F900F995E27461D3CB3DFD726AE536B6[授权]
[2026-09-24 19:55:04] 截图步骤：读取页面尺寸（667 ms）
[2026-09-24 19:55:04] 截图步骤：截取 1 段（1241×3902）（672 ms）
[2026-09-24 19:55:05] 截图步骤：复核并保存（920 ms）
[2026-09-24 19:55:05] 网页截图锁已释放。
[2026-09-24 19:55:05] 网页截图结论：saved。
[2026-09-24 19:55:08] 接受网页截图请求并持有截图锁（context=2）。
[2026-09-24 19:55:08] 截图步骤：开始（0 ms）
[2026-09-24 19:55:08] 截图步骤：确认查询结果（0 ms）
[2026-09-24 19:55:08] 截图步骤：校验结果稳定（3 ms）
[2026-09-24 19:55:08] 截图步骤：准备页面（359 ms）
[2026-09-24 19:55:08] 截图步骤：展开网页框架（662 ms）
[2026-09-24 19:55:08] 框架扩展候选：BB7402E915B5719E486B5F78C9A26356[授权]、F6A294DBF9E864E10630A7764D63E05E[授权]
[2026-09-24 19:55:08] 扩展框架 F6A294DBF9E864E10630A7764D63E05E：内容高 1454，前置可视 400/400，范围右/下 1256/600。
[2026-09-24 19:55:08] 截图步骤：读取页面尺寸（791 ms）
[2026-09-24 19:55:08] 截图步骤：截取 1 段（1241×1854）（793 ms）
[2026-09-24 19:55:08] 截图步骤：复核并保存（933 ms）
[2026-09-24 19:55:08] 网页截图锁已释放。
[2026-09-24 19:55:08] 网页截图结论：saved。
[2026-09-24 19:55:11] 接受网页截图请求并持有截图锁（context=2）。
[2026-09-24 19:55:11] 截图步骤：开始（0 ms）
[2026-09-24 19:55:11] 截图步骤：确认查询结果（0 ms）
[2026-09-24 19:55:11] 截图步骤：校验结果稳定（3 ms）
[2026-09-24 19:55:12] 截图步骤：准备页面（360 ms）
[2026-09-24 19:55:12] 截图步骤：展开网页框架（664 ms）
[2026-09-24 19:55:12] 框架扩展候选：8EED08A8483BB2ACD14549765E375A0B[授权]、8469B31DA66A233B7A582C3CDD975967[授权]
[2026-09-24 19:55:12] 扩展框架 8469B31DA66A233B7A582C3CDD975967：内容高 1454，前置可视 400/400，范围右/下 1241/600。
[2026-09-24 19:55:12] 截图步骤：读取页面尺寸（807 ms）
[2026-09-24 19:55:12] 截图步骤：放大视口（810 ms）
[2026-09-24 19:55:12] 截图步骤：截取 1 段（1256×1854）（912 ms）
[2026-09-24 19:55:12] 截图步骤：复核并保存（1150 ms）
[2026-09-24 19:55:12] 网页截图锁已释放。
[2026-09-24 19:55:12] 网页截图结论：saved。
[2026-09-24 19:55:15] 接受网页截图请求并持有截图锁（context=2）。
[2026-09-24 19:55:15] 截图步骤：开始（0 ms）
[2026-09-24 19:55:15] 截图步骤：确认查询结果（0 ms）
[2026-09-24 19:55:15] 截图步骤：校验结果稳定（5 ms）
[2026-09-24 19:55:15] 截图步骤：准备页面（367 ms）
[2026-09-24 19:55:16] 截图步骤：展开网页框架（671 ms）
[2026-09-24 19:55:16] 框架扩展候选：56C7E8A74FD2487C1B36A05011C728C9[授权]、C862ECF554E41754256E946CD25ACF14[授权]
[2026-09-24 19:55:16] 扩展框架 C862ECF554E41754256E946CD25ACF14：内容高 1600，前置可视 1600/∞，范围右/下 1241/1800。
[2026-09-24 19:55:16] 截图步骤：读取页面尺寸（675 ms）
[2026-09-24 19:55:16] 截图步骤：放大视口（676 ms）
[2026-09-24 19:55:16] 截图步骤：截取 1 段（1256×2000）（750 ms）
[2026-09-24 19:55:16] 截图步骤：复核并保存（992 ms）
[2026-09-24 19:55:16] 网页截图锁已释放。
[2026-09-24 19:55:16] 网页截图结论：saved。
[2026-09-24 19:55:19] E2E 测试页响应失败：Unable to write data to the transport connection: An established connection was aborted by the software in your host machine..
[2026-09-24 19:55:19] 接受网页截图请求并持有截图锁（context=2）。
[2026-09-24 19:55:19] 截图步骤：开始（0 ms）
[2026-09-24 19:55:19] 截图步骤：确认查询结果（0 ms）
[2026-09-24 19:55:19] 截图步骤：校验结果稳定（4 ms）
[2026-09-24 19:55:20] 截图步骤：准备页面（363 ms）
[2026-09-24 19:55:20] 截图步骤：展开网页框架（681 ms）
[2026-09-24 19:55:20] 框架扩展候选：F9F4A59E9B54E79717F79BA96ED88CFE[授权]、F90F672C18247E5FB8411F197725F611[授权]
[2026-09-24 19:55:20] 扩展框架 F90F672C18247E5FB8411F197725F611：内容高 1454，前置可视 400/400，范围右/下 1241/600。
[2026-09-24 19:55:20] 截图步骤：读取页面尺寸（808 ms）
[2026-09-24 19:55:20] 截图步骤：放大视口（809 ms）
[2026-09-24 19:55:20] 截图步骤：截取 1 段（1256×1854）（914 ms）
[2026-09-24 19:55:21] 截图步骤：复核并保存（1136 ms）
[2026-09-24 19:55:21] 网页截图锁已释放。
[2026-09-24 19:55:21] 网页截图结论：saved。
[2026-09-24 19:55:23] E2E 测试页响应失败：Unable to write data to the transport connection: An established connection was aborted by the software in your host machine..
[2026-09-24 19:55:23] E2E 测试页响应失败：Unable to write data to the transport connection: An established connection was aborted by the software in your host machine..
[2026-09-24 19:55:24] 接受网页截图请求并持有截图锁（context=2）。
[2026-09-24 19:55:24] 截图步骤：开始（0 ms）
[2026-09-24 19:55:24] 截图步骤：确认查询结果（0 ms）
[2026-09-24 19:55:24] 截图步骤：校验结果稳定（3 ms）
[2026-09-24 19:55:24] 截图步骤：准备页面（367 ms）
[2026-09-24 19:55:24] 截图步骤：展开网页框架（685 ms）
[2026-09-24 19:55:24] 框架扩展候选：C207717A20AF0794E91D0ED3EB87E2B0[授权]、919B053F83966CFBAFD5084368643BD1[授权]
[2026-09-24 19:55:24] 扩展框架 919B053F83966CFBAFD5084368643BD1：内容高 1454，前置可视 400/400，范围右/下 1241/600。
[2026-09-24 19:55:25] 截图步骤：读取页面尺寸（825 ms）
[2026-09-24 19:55:25] 注入视口读取失败（第 1/3 次）。
[2026-09-24 19:55:25] 注入视口读取失败（第 2/3 次）。
[2026-09-24 19:55:25] 注入视口读取失败（第 3/3 次）。
[2026-09-24 19:55:25] 网页截图锁已释放。
[2026-09-24 19:55:25] 网页截图结论：error。
[2026-09-24 19:55:25] 接受网页截图请求并持有截图锁（context=2）。
[2026-09-24 19:55:25] 截图步骤：开始（0 ms）
[2026-09-24 19:55:25] 截图步骤：确认查询结果（0 ms）
[2026-09-24 19:55:25] 截图步骤：校验结果稳定（2 ms）
[2026-09-24 19:55:25] 截图步骤：准备页面（367 ms）
[2026-09-24 19:55:26] 截图步骤：展开网页框架（670 ms）
[2026-09-24 19:55:26] 框架扩展候选：C207717A20AF0794E91D0ED3EB87E2B0[授权]、919B053F83966CFBAFD5084368643BD1[授权]
[2026-09-24 19:55:26] 扩展框架 919B053F83966CFBAFD5084368643BD1：内容高 1454，前置可视 400/400，范围右/下 1241/600。
[2026-09-24 19:55:26] 截图步骤：读取页面尺寸（797 ms）
[2026-09-24 19:55:26] 截图步骤：放大视口（798 ms）
[2026-09-24 19:55:26] 截图步骤：截取 1 段（1256×1854）（899 ms）
[2026-09-24 19:55:26] 截图步骤：复核并保存（1116 ms）
[2026-09-24 19:55:26] 网页截图锁已释放。
[2026-09-24 19:55:26] 网页截图结论：saved。
[2026-09-24 19:55:26] 接受网页截图请求并持有截图锁（context=2）。
[2026-09-24 19:55:26] 截图步骤：开始（0 ms）
[2026-09-24 19:55:26] 截图步骤：确认查询结果（0 ms）
[2026-09-24 19:55:26] 截图步骤：校验结果稳定（2 ms）
[2026-09-24 19:55:27] 截图步骤：准备页面（357 ms）
[2026-09-24 19:55:27] 截图步骤：展开网页框架（660 ms）
[2026-09-24 19:55:27] 框架扩展候选：C207717A20AF0794E91D0ED3EB87E2B0[授权]、919B053F83966CFBAFD5084368643BD1[授权]
[2026-09-24 19:55:27] 扩展框架 919B053F83966CFBAFD5084368643BD1：内容高 1454，前置可视 400/400，范围右/下 1241/600。
[2026-09-24 19:55:27] 截图步骤：读取页面尺寸（795 ms）
[2026-09-24 19:55:27] 截图步骤：放大视口（796 ms）
[2026-09-24 19:55:27] 截图步骤：截取 1 段（1256×1854）（881 ms）
[2026-09-24 19:55:28] 截图步骤：复核并保存（1100 ms）
[2026-09-24 19:55:28] 网页截图锁已释放。
[2026-09-24 19:55:28] 网页截图结论：saved。
[2026-09-24 19:55:28] 接受网页截图请求并持有截图锁（context=2）。
[2026-09-24 19:55:28] 截图步骤：开始（0 ms）
[2026-09-24 19:55:28] 截图步骤：确认查询结果（0 ms）
[2026-09-24 19:55:28] 截图步骤：校验结果稳定（2 ms）
[2026-09-24 19:55:28] 截图步骤：准备页面（367 ms）
[2026-09-24 19:55:28] 截图步骤：展开网页框架（684 ms）
[2026-09-24 19:55:28] 框架扩展候选：C207717A20AF0794E91D0ED3EB87E2B0[授权]、919B053F83966CFBAFD5084368643BD1[授权]
[2026-09-24 19:55:28] 扩展框架 919B053F83966CFBAFD5084368643BD1：内容高 1454，前置可视 400/400，范围右/下 1241/600。
[2026-09-24 19:55:28] 截图步骤：读取页面尺寸（812 ms）
[2026-09-24 19:55:28] 截图步骤：放大视口（813 ms）
[2026-09-24 19:55:29] 截图步骤：截取 1 段（1256×1854）（917 ms）
[2026-09-24 19:55:29] 截图步骤：复核并保存（1134 ms）
[2026-09-24 19:55:29] 网页截图锁已释放。
[2026-09-24 19:55:29] 网页截图结论：saved。
[2026-09-24 19:55:31] E2E 测试页响应失败：Unable to write data to the transport connection: An established connection was aborted by the software in your host machine..
[2026-09-24 19:55:31] E2E 测试页响应失败：Unable to write data to the transport connection: An established connection was aborted by the software in your host machine..
[2026-09-24 19:55:34] 接受网页截图请求并持有截图锁（context=2）。
[2026-09-24 19:55:34] 截图步骤：开始（0 ms）
[2026-09-24 19:55:34] 截图步骤：确认查询结果（0 ms）
[2026-09-24 19:55:34] 截图步骤：校验结果稳定（3 ms）
[2026-09-24 19:55:35] 截图步骤：准备页面（363 ms）
[2026-09-24 19:55:35] 截图步骤：展开网页框架（667 ms）
[2026-09-24 19:55:35] 框架扩展候选：7787EB2ECD4B00A640CEE297C9D8EDE9[授权]、2A103D06963FFCD71186E80EEB800B1A[授权]
[2026-09-24 19:55:35] 扩展框架 2A103D06963FFCD71186E80EEB800B1A：内容高 1565，前置可视 1565/∞，范围右/下 1241/1765。
[2026-09-24 19:55:35] 截图步骤：读取页面尺寸（670 ms）
[2026-09-24 19:55:35] 截图步骤：截取 1 段（1241×1965）（672 ms）
[2026-09-24 19:55:35] 截图步骤：复核并保存（793 ms）
[2026-09-24 19:55:35] 网页截图锁已释放。
[2026-09-24 19:55:35] 网页截图结论：saved。
[2026-09-24 19:55:40] 接受网页截图请求并持有截图锁（context=2）。
[2026-09-24 19:55:40] 截图步骤：开始（0 ms）
[2026-09-24 19:55:40] 截图步骤：确认查询结果（0 ms）
[2026-09-24 19:55:40] 截图步骤：校验结果稳定（2 ms）
[2026-09-24 19:55:40] 截图步骤：准备页面（359 ms）
[2026-09-24 19:55:40] 截图步骤：展开网页框架（665 ms）
[2026-09-24 19:55:40] 框架扩展候选：9B1A687461A8A44D1AE2BDE44B6FF77E[授权]、02C98A1E1E7DDF646C6D3C20D8723BA4[授权]
[2026-09-24 19:55:40] 扩展框架 02C98A1E1E7DDF646C6D3C20D8723BA4：内容高 1565，前置可视 1565/∞，范围右/下 1241/1765。
[2026-09-24 19:55:40] 截图步骤：读取页面尺寸（668 ms）
[2026-09-24 19:55:40] 截图步骤：截取 1 段（1241×1965）（671 ms）
[2026-09-24 19:55:41] 截图步骤：复核并保存（815 ms）
[2026-09-24 19:55:41] 网页截图锁已释放。
[2026-09-24 19:55:41] 网页截图结论：saved。
[2026-09-24 19:55:43] E2E 测试页响应失败：Unable to write data to the transport connection: An established connection was aborted by the software in your host machine..
[2026-09-24 19:55:43] E2E 测试页响应失败：Unable to write data to the transport connection: An established connection was aborted by the software in your host machine..
[2026-09-24 19:55:45] 接受网页截图请求并持有截图锁（context=2）。
[2026-09-24 19:55:45] 截图步骤：开始（0 ms）
[2026-09-24 19:55:45] 截图步骤：确认查询结果（0 ms）
[2026-09-24 19:55:45] 截图步骤：校验结果稳定（3 ms）
[2026-09-24 19:55:45] 截图步骤：准备页面（365 ms）
[2026-09-24 19:55:46] 截图步骤：展开网页框架（683 ms）
[2026-09-24 19:55:46] 框架扩展候选：36E670BFAC58F461E185FF8C8DC80A8B[授权]、6D277E9ACF83D0AC1169A160D988072F[授权]
[2026-09-24 19:55:46] 扩展框架 6D277E9ACF83D0AC1169A160D988072F：内容高 1565，前置可视 400/∞，范围右/下 1241/600。
[2026-09-24 19:55:46] 截图步骤：读取页面尺寸（808 ms）
[2026-09-24 19:55:46] 截图步骤：截取 1 段（1241×1965）（811 ms）
[2026-09-24 19:55:46] 截图步骤：复核并保存（985 ms）
[2026-09-24 19:55:46] 网页截图锁已释放。
[2026-09-24 19:55:46] 网页截图结论：saved。
[2026-09-24 19:55:49] 接受网页截图请求并持有截图锁（context=2）。
[2026-09-24 19:55:49] 截图步骤：开始（0 ms）
[2026-09-24 19:55:49] 截图步骤：确认查询结果（0 ms）
[2026-09-24 19:55:49] 截图步骤：校验结果稳定（3 ms）
[2026-09-24 19:55:49] 截图步骤：准备页面（358 ms）
[2026-09-24 19:55:52] 截图超时：3 秒内未完成，停在“准备页面”。
[2026-09-24 19:55:52] 网页截图锁已释放。
[2026-09-24 19:55:52] 网页截图结论：error。
[2026-09-24 19:55:52] 接受网页截图请求并持有截图锁（context=2）。
[2026-09-24 19:55:52] 截图步骤：开始（0 ms）
[2026-09-24 19:55:52] 截图步骤：确认查询结果（0 ms）
[2026-09-24 19:55:52] 截图步骤：校验结果稳定（2 ms）
[2026-09-24 19:55:52] 截图步骤：准备页面（358 ms）
[2026-09-24 19:55:53] 截图步骤：展开网页框架（662 ms）
[2026-09-24 19:55:53] 框架扩展候选：3AADFD95CAA1DD94FB218A9C3EFCA571[授权]、72E8284A87BA595AF165D6DA461095E1[授权]
[2026-09-24 19:55:53] 扩展框架 72E8284A87BA595AF165D6DA461095E1：内容高 1565，前置可视 1565/∞，范围右/下 1241/1765。
[2026-09-24 19:55:53] 截图步骤：读取页面尺寸（666 ms）
[2026-09-24 19:55:53] 截图步骤：截取 1 段（1241×1965）（668 ms）
[2026-09-24 19:55:53] 截图步骤：复核并保存（801 ms）
[2026-09-24 19:55:53] 网页截图锁已释放。
[2026-09-24 19:55:53] 网页截图结论：saved。
[2026-09-24 19:55:56] 接受网页截图请求并持有截图锁（context=2）。
[2026-09-24 19:55:56] 截图步骤：开始（0 ms）
[2026-09-24 19:55:56] 截图步骤：确认查询结果（0 ms）
[2026-09-24 19:55:56] 网页截图锁已释放。
[2026-09-24 19:55:56] 网页截图结论：mismatch。
[2026-09-24 19:56:00] 接受网页截图请求并持有截图锁（context=2）。
[2026-09-24 19:56:00] 截图步骤：开始（0 ms）
[2026-09-24 19:56:00] 截图步骤：确认查询结果（0 ms）
[2026-09-24 19:56:00] 网页截图锁已释放。
[2026-09-24 19:56:00] 网页截图结论：error。
[2026-09-24 19:56:05] 接受网页截图请求并持有截图锁（context=2）。
[2026-09-24 19:56:05] 截图步骤：开始（0 ms）
[2026-09-24 19:56:05] 截图步骤：确认查询结果（0 ms）
[2026-09-24 19:56:05] 网页截图锁已释放。
[2026-09-24 19:56:05] 网页截图结论：error。
[2026-09-24 19:56:08] 接受网页截图请求并持有截图锁（context=2）。
[2026-09-24 19:56:08] 截图步骤：开始（0 ms）
[2026-09-24 19:56:08] 截图步骤：确认查询结果（0 ms）
[2026-09-24 19:56:08] 截图步骤：校验结果稳定（3 ms）
[2026-09-24 19:56:09] 截图步骤：准备页面（357 ms）
[2026-09-24 19:56:09] 截图步骤：展开网页框架（673 ms）
[2026-09-24 19:56:09] 框架扩展候选：CEED8324E1C2F4F4758A5975964296AB[授权]、D24666AB980994149C8AA2E82A6A3828[授权]
[2026-09-24 19:56:09] 扩展框架 D24666AB980994149C8AA2E82A6A3828：内容高 1565，前置可视 1565/∞，范围右/下 1241/1765。
[2026-09-24 19:56:09] 截图步骤：读取页面尺寸（677 ms）
[2026-09-24 19:56:09] 截图步骤：截取 1 段（1241×1965）（679 ms）
[2026-09-24 19:56:09] 截图步骤：复核并保存（794 ms）
[2026-09-24 19:56:09] 网页截图锁已释放。
[2026-09-24 19:56:09] 网页截图结论：error。
[2026-09-24 19:56:13] E2E 测试页响应失败：Unable to write data to the transport connection: An established connection was aborted by the software in your host machine..
[2026-09-24 19:56:13] E2E 测试页响应失败：Unable to write data to the transport connection: An established connection was aborted by the software in your host machine..
[2026-09-24 19:56:14] 接受网页截图请求并持有截图锁（context=2）。
[2026-09-24 19:56:14] 截图步骤：开始（0 ms）
[2026-09-24 19:56:14] 截图步骤：确认查询结果（0 ms）
[2026-09-24 19:56:14] 接受网页截图请求并持有截图锁（context=2）。
[2026-09-24 19:56:14] 截图步骤：开始（0 ms）
[2026-09-24 19:56:14] 截图步骤：确认查询结果（0 ms）
[2026-09-24 19:56:14] 截图步骤：校验结果稳定（2 ms）
[2026-09-24 19:56:14] 截图步骤：校验结果稳定（2 ms）
[2026-09-24 19:56:14] 截图步骤：准备页面（362 ms）
[2026-09-24 19:56:14] 截图步骤：准备页面（363 ms）
[2026-09-24 19:56:15] 截图步骤：展开网页框架（679 ms）
[2026-09-24 19:56:15] 截图步骤：展开网页框架（679 ms）
[2026-09-24 19:56:15] 框架扩展候选：5C377CD645EE130495BCF12EA2525A34[授权]
[2026-09-24 19:56:15] 截图步骤：读取页面尺寸（681 ms）
[2026-09-24 19:56:15] 截图步骤：截取 1 段（1241×2088）（684 ms）
[2026-09-24 19:56:15] 框架扩展候选：A0CA9E85767251257BA3DD4557BD9959[授权]
[2026-09-24 19:56:15] 截图步骤：读取页面尺寸（702 ms）
[2026-09-24 19:56:15] 截图步骤：截取 1 段（1241×2088）（706 ms）
[2026-09-24 19:56:15] 截图步骤：复核并保存（901 ms）
[2026-09-24 19:56:15] 截图步骤：复核并保存（902 ms）
[2026-09-24 19:56:15] 网页截图锁已释放。
[2026-09-24 19:56:15] 网页截图结论：saved。
[2026-09-24 19:56:15] 网页截图锁已释放。
[2026-09-24 19:56:15] 网页截图结论：saved。
[2026-09-24 19:56:20] 接受网页截图请求并持有截图锁（context=2）。
[2026-09-24 19:56:20] 截图步骤：开始（0 ms）
[2026-09-24 19:56:20] 截图步骤：确认查询结果（0 ms）
[2026-09-24 19:56:20] 截图步骤：校验结果稳定（1 ms）
[2026-09-24 19:56:20] 截图步骤：准备页面（360 ms）
[2026-09-24 19:56:20] 截图步骤：展开网页框架（669 ms）
[2026-09-24 19:56:20] 框架扩展候选：99B64F97CA6CD2582B2305B6C5B41504[授权]
[2026-09-24 19:56:20] 截图步骤：读取页面尺寸（671 ms）
[2026-09-24 19:56:20] 截图步骤：截取 1 段（1241×2088）（673 ms）
[2026-09-24 19:56:21] 截图步骤：复核并保存（815 ms）
[2026-09-24 19:56:21] 网页截图锁已释放。
[2026-09-24 19:56:21] 网页截图结论：saved。
[2026-09-24 19:56:23] 接受网页截图请求并持有截图锁（context=2）。
[2026-09-24 19:56:23] 截图步骤：开始（0 ms）
[2026-09-24 19:56:23] 截图步骤：确认查询结果（0 ms）
[2026-09-24 19:56:23] 截图步骤：校验结果稳定（2 ms）
[2026-09-24 19:56:24] 截图步骤：准备页面（356 ms）
[2026-09-24 19:56:24] 截图步骤：展开网页框架（670 ms）
[2026-09-24 19:56:24] 框架扩展候选：25CB7A46DC69503BAB28AFE2BD0DCDF6[授权]
[2026-09-24 19:56:24] 截图步骤：读取页面尺寸（671 ms）
[2026-09-24 19:56:24] 截图步骤：截取 2 段（1241×20400）（682 ms）
[2026-09-24 19:56:25] 截图步骤：复核并保存（1702 ms）
[2026-09-24 19:56:25] 网页截图锁已释放。
[2026-09-24 19:56:25] 网页截图结论：error。
[2026-09-24 19:56:28] E2E 测试页响应失败：Unable to write data to the transport connection: An established connection was aborted by the software in your host machine..
[2026-09-24 19:56:28] E2E 测试页响应失败：Unable to write data to the transport connection: An established connection was aborted by the software in your host machine..
[2026-09-24 19:56:28] 接受网页截图请求并持有截图锁（context=2）。
[2026-09-24 19:56:28] 截图步骤：开始（0 ms）
[2026-09-24 19:56:28] 截图步骤：确认查询结果（0 ms）
[2026-09-24 19:56:28] 截图步骤：校验结果稳定（2 ms）
[2026-09-24 19:56:29] 截图步骤：准备页面（355 ms）
[2026-09-24 19:56:29] 截图步骤：展开网页框架（663 ms）
[2026-09-24 19:56:29] 框架扩展候选：065805DC3BBBF823917B2573D1E7859E[授权]
[2026-09-24 19:56:29] 截图步骤：读取页面尺寸（664 ms）
[2026-09-24 19:56:29] 截图步骤：截取 1 段（1241×2088）（666 ms）
[2026-09-24 19:56:29] 截图步骤：复核并保存（808 ms）
[2026-09-24 19:56:29] 网页截图锁已释放。
[2026-09-24 19:56:29] 网页截图结论：saved。
