[2026-09-24 19:57:01] [UI-PHASE +3.27s] filter-empty-1200x720 seeded
[2026-09-24 19:57:01] [UI-PHASE +3.28s]   form.Show begin (1200x720)
[2026-09-24 19:57:01] [UI-PHASE +3.32s]   form.Show returned
[2026-09-24 19:57:01] [UI-PHASE +3.36s]   form layout set · DoEvents begin
[2026-09-24 19:57:01] [UI-PHASE +3.40s]   form DoEvents returned · client={Width=1800, Height=1080}
[2026-09-24 19:57:01] [UI-PHASE +3.40s] filter-empty-1200x720 form shown
[2026-09-24 19:57:01] [UI-PHASE +3.53s] filter-empty-1200x720 layout+DoEvents done · starting capture
[2026-09-24 19:57:01] [UI-PHASE +3.53s]   geometry assert begin · client={Width=1800, Height=1080}
[2026-09-24 19:57:01] [UI-PHASE +3.53s]   geometry assert passed
[2026-09-24 19:57:01] [UI-PHASE +3.53s]   RenderForm PerformLayout begin
[2026-09-24 19:57:01] [UI-PHASE +3.53s]   RenderForm DoEvents begin
[2026-09-24 19:57:01] [UI-PHASE +3.53s]   RenderForm DrawToBitmap begin · {Width=1800, Height=1080}
[2026-09-24 19:57:01] [UI-PHASE +3.56s]   RenderForm DrawToBitmap returned
[2026-09-24 19:57:01] [UI-PHASE +3.57s]   save PNG begin · D:\a\customs-clearance-console\customs-clearance-console\artifacts\validation\ui-states-150\filter-empty-1200x720.png
[2026-09-24 19:57:01] [UI-PHASE +3.60s]   save PNG returned
[2026-09-24 19:57:01] [UI-PHASE +3.60s]   screen info · bounds={X=0,Y=0,Width=1920,Height=1080} working={X=0,Y=0,Width=1920,Height=1008} desktop={X=0,Y=0,Width=1920,Height=1080} form={X=0,Y=0,Width=1800,Height=1080}
[2026-09-24 19:57:01] [UI-PHASE +3.60s]   CopyFromScreen show/DoEvents begin
[2026-09-24 19:57:01] [UI-PHASE +3.61s]   CopyFromScreen begin
[2026-09-24 19:57:01] [UI-PHASE +3.68s]   CopyFromScreen returned
[2026-09-24 19:57:01] [UI-PHASE +3.69s] filter-empty-1200x720 done · realScreen=True
